[brain] 后端 = torch-cuda  神经元 185,348  突触边 26,006,173
[脑内判决] 判决神经元 665 个（Dm6/Dm19/Dm17/Dm15/Dm1），分 10 组，每组约 66 个
[脑内判决] 可塑突触 12,710 条（L1/L2 → 判决神经元），全部来自连接组
10 类  注视 600ms  训练 400  测试 120
训练前 14.2%  随机 10.0%  521s
  第  1 轮  训练 16.8%  测试 16.7%  突触 1.000  2059s
  第  2 轮  训练 29.0%  测试 20.0%  突触 1.000  3550s
  第  3 轮  训练 37.5%  测试 30.8%  突触 1.000  4757s
  第  4 轮  训练 40.8%  测试 28.3%  突触 1.000  5915s
  第  5 轮  训练 43.0%  测试 34.2%  突触 1.000  7137s
  第  6 轮  训练 40.0%  测试 34.2%  突触 1.000  8695s
  第  7 轮  训练 42.8%  测试 25.8%  突触 1.000  9854s
  第  8 轮  训练 42.8%  测试 36.7%  突触 1.000  11224s
  第  9 轮  训练 43.0%  测试 28.3%  突触 1.000  12382s
  第 10 轮  训练 43.8%  测试 27.5%  突触 1.000  13700s
  第 11 轮  训练 42.2%  测试 29.2%  突触 1.000  15307s
  第 12 轮  训练 45.2%  测试 31.7%  突触 1.000  16523s
  第 13 轮  训练 44.2%  测试 27.5%  突触 1.000  18224s
  第 14 轮  训练 43.0%  测试 30.0%  突触 1.000  20150s

训练前 14.2% -> 最好 36.7%   随机 10.0%
混淆矩阵（行=真值 0-9，列=判决）:
  0:  10   0   2   0   0   0   0   0   0   0
  1:   0   8   0   1   0   0   0   0   3   0
  2:   7   2   0   0   0   0   1   0   2   0
  3:   0   0   2   5   0   3   1   0   1   0
  4:   3   0   0   0   8   0   0   0   0   1
  5:   3   0   3   1   1   0   0   0   1   3
  6:   4   0   1   0   1   0   5   1   0   0
  7:   0   0   2   0   4   0   0   0   0   6
  8:   1   1   2   0   3   0   0   0   5   0
  9:   1   2   0   0   2   0   1   1   2   3
